// Jest Snapshot v1, https://goo.gl/fbAQLP

exports[`can render dashboard component 1`] = `
<div
  data-testid="dashboard"
>
  <div
    class="MuiPaper-root-7 MuiPaper-elevation1-10 MuiPaper-rounded-8 MuiExpansionPanel-root-3 MuiExpansionPanel-rounded-4"
  >
    <div
      aria-expanded="false"
      class="MuiButtonBase-root-40 MuiExpansionPanelSummary-root-34"
      role="button"
      tabindex="0"
    >
      <div
        class="MuiExpansionPanelSummary-content-38"
      >
        <h5
          class="MuiTypography-root-43 MuiTypography-h5-59 MuiTypography-gutterBottom-70"
        >
          Sorting and Order Statistics
        </h5>
      </div>
      <div
        aria-hidden="true"
        class="MuiButtonBase-root-40 MuiIconButton-root-79 MuiExpansionPanelSummary-expandIcon-39"
        role="button"
        tabindex="-1"
      >
        <span
          class="MuiIconButton-label-84"
        >
          <svg
            aria-hidden="true"
            class="MuiSvgIcon-root-85"
            focusable="false"
            role="presentation"
            viewBox="0 0 24 24"
          >
            <path
              d="M16.59 8.59L12 13.17 7.41 8.59 6 10l6 6 6-6z"
            />
            <path
              d="M0 0h24v24H0z"
              fill="none"
            />
          </svg>
        </span>
        <span
          class="MuiTouchRipple-root-100"
        />
      </div>
    </div>
    <div
      aria-hidden="true"
      class="MuiCollapse-container-94"
      style="min-height: 0px;"
    >
      <div
        class="MuiCollapse-wrapper-96"
      >
        <div
          class="MuiCollapse-wrapperInner-97"
        >
          <div
            class="MuiExpansionPanelDetails-root-98 Styled-WithStyles-ExpansionPanelDetails---root-bscilo"
          >
            <a
              href="/algorithms/heapsort"
            >
              <div
                class="MuiPaper-root-7 MuiPaper-elevation1-10 MuiPaper-rounded-8 Summary-root-99"
                style="width: 100vw;"
              >
                <p
                  class="MuiTypography-root-43 MuiTypography-body1-52"
                >
                  Heapsort
                </p>
              </div>
            </a>
          </div>
        </div>
      </div>
    </div>
  </div>
  <div
    class="MuiPaper-root-7 MuiPaper-elevation1-10 MuiPaper-rounded-8 MuiExpansionPanel-root-3 MuiExpansionPanel-rounded-4"
  >
    <div
      aria-expanded="false"
      class="MuiButtonBase-root-40 MuiExpansionPanelSummary-root-34"
      role="button"
      tabindex="0"
    >
      <div
        class="MuiExpansionPanelSummary-content-38"
      >
        <h5
          class="MuiTypography-root-43 MuiTypography-h5-59 MuiTypography-gutterBottom-70"
        >
          Data Structures
        </h5>
      </div>
      <div
        aria-hidden="true"
        class="MuiButtonBase-root-40 MuiIconButton-root-79 MuiExpansionPanelSummary-expandIcon-39"
        role="button"
        tabindex="-1"
      >
        <span
          class="MuiIconButton-label-84"
        >
          <svg
            aria-hidden="true"
            class="MuiSvgIcon-root-85"
            focusable="false"
            role="presentation"
            viewBox="0 0 24 24"
          >
            <path
              d="M16.59 8.59L12 13.17 7.41 8.59 6 10l6 6 6-6z"
            />
            <path
              d="M0 0h24v24H0z"
              fill="none"
            />
          </svg>
        </span>
        <span
          class="MuiTouchRipple-root-100"
        />
      </div>
    </div>
    <div
      aria-hidden="true"
      class="MuiCollapse-container-94"
      style="min-height: 0px;"
    >
      <div
        class="MuiCollapse-wrapper-96"
      >
        <div
          class="MuiCollapse-wrapperInner-97"
        >
          <div
            class="MuiExpansionPanelDetails-root-98 Styled-WithStyles-ExpansionPanelDetails---root-bscilo"
          >
            To be implemented
          </div>
        </div>
      </div>
    </div>
  </div>
  <div
    class="MuiPaper-root-7 MuiPaper-elevation1-10 MuiPaper-rounded-8 MuiExpansionPanel-root-3 MuiExpansionPanel-rounded-4"
  >
    <div
      aria-expanded="false"
      class="MuiButtonBase-root-40 MuiExpansionPanelSummary-root-34"
      role="button"
      tabindex="0"
    >
      <div
        class="MuiExpansionPanelSummary-content-38"
      >
        <h5
          class="MuiTypography-root-43 MuiTypography-h5-59 MuiTypography-gutterBottom-70"
        >
          Advanced Design and Analysis Techniques
        </h5>
      </div>
      <div
        aria-hidden="true"
        class="MuiButtonBase-root-40 MuiIconButton-root-79 MuiExpansionPanelSummary-expandIcon-39"
        role="button"
        tabindex="-1"
      >
        <span
          class="MuiIconButton-label-84"
        >
          <svg
            aria-hidden="true"
            class="MuiSvgIcon-root-85"
            focusable="false"
            role="presentation"
            viewBox="0 0 24 24"
          >
            <path
              d="M16.59 8.59L12 13.17 7.41 8.59 6 10l6 6 6-6z"
            />
            <path
              d="M0 0h24v24H0z"
              fill="none"
            />
          </svg>
        </span>
        <span
          class="MuiTouchRipple-root-100"
        />
      </div>
    </div>
    <div
      aria-hidden="true"
      class="MuiCollapse-container-94"
      style="min-height: 0px;"
    >
      <div
        class="MuiCollapse-wrapper-96"
      >
        <div
          class="MuiCollapse-wrapperInner-97"
        >
          <div
            class="MuiExpansionPanelDetails-root-98 Styled-WithStyles-ExpansionPanelDetails---root-bscilo"
          >
            To be implemented
          </div>
        </div>
      </div>
    </div>
  </div>
  <div
    class="MuiPaper-root-7 MuiPaper-elevation1-10 MuiPaper-rounded-8 MuiExpansionPanel-root-3 MuiExpansionPanel-rounded-4"
  >
    <div
      aria-expanded="false"
      class="MuiButtonBase-root-40 MuiExpansionPanelSummary-root-34"
      role="button"
      tabindex="0"
    >
      <div
        class="MuiExpansionPanelSummary-content-38"
      >
        <h5
          class="MuiTypography-root-43 MuiTypography-h5-59 MuiTypography-gutterBottom-70"
        >
          Advanced Data Structures
        </h5>
      </div>
      <div
        aria-hidden="true"
        class="MuiButtonBase-root-40 MuiIconButton-root-79 MuiExpansionPanelSummary-expandIcon-39"
        role="button"
        tabindex="-1"
      >
        <span
          class="MuiIconButton-label-84"
        >
          <svg
            aria-hidden="true"
            class="MuiSvgIcon-root-85"
            focusable="false"
            role="presentation"
            viewBox="0 0 24 24"
          >
            <path
              d="M16.59 8.59L12 13.17 7.41 8.59 6 10l6 6 6-6z"
            />
            <path
              d="M0 0h24v24H0z"
              fill="none"
            />
          </svg>
        </span>
        <span
          class="MuiTouchRipple-root-100"
        />
      </div>
    </div>
    <div
      aria-hidden="true"
      class="MuiCollapse-container-94"
      style="min-height: 0px;"
    >
      <div
        class="MuiCollapse-wrapper-96"
      >
        <div
          class="MuiCollapse-wrapperInner-97"
        >
          <div
            class="MuiExpansionPanelDetails-root-98 Styled-WithStyles-ExpansionPanelDetails---root-bscilo"
          >
            To be implemented
          </div>
        </div>
      </div>
    </div>
  </div>
  <div
    class="MuiPaper-root-7 MuiPaper-elevation1-10 MuiPaper-rounded-8 MuiExpansionPanel-root-3 MuiExpansionPanel-rounded-4"
  >
    <div
      aria-expanded="false"
      class="MuiButtonBase-root-40 MuiExpansionPanelSummary-root-34"
      role="button"
      tabindex="0"
    >
      <div
        class="MuiExpansionPanelSummary-content-38"
      >
        <h5
          class="MuiTypography-root-43 MuiTypography-h5-59 MuiTypography-gutterBottom-70"
        >
          Graph Algorithms
        </h5>
      </div>
      <div
        aria-hidden="true"
        class="MuiButtonBase-root-40 MuiIconButton-root-79 MuiExpansionPanelSummary-expandIcon-39"
        role="button"
        tabindex="-1"
      >
        <span
          class="MuiIconButton-label-84"
        >
          <svg
            aria-hidden="true"
            class="MuiSvgIcon-root-85"
            focusable="false"
            role="presentation"
            viewBox="0 0 24 24"
          >
            <path
              d="M16.59 8.59L12 13.17 7.41 8.59 6 10l6 6 6-6z"
            />
            <path
              d="M0 0h24v24H0z"
              fill="none"
            />
          </svg>
        </span>
        <span
          class="MuiTouchRipple-root-100"
        />
      </div>
    </div>
    <div
      aria-hidden="true"
      class="MuiCollapse-container-94"
      style="min-height: 0px;"
    >
      <div
        class="MuiCollapse-wrapper-96"
      >
        <div
          class="MuiCollapse-wrapperInner-97"
        >
          <div
            class="MuiExpansionPanelDetails-root-98 Styled-WithStyles-ExpansionPanelDetails---root-bscilo"
          >
            To be implemented
          </div>
        </div>
      </div>
    </div>
  </div>
  <div
    class="MuiPaper-root-7 MuiPaper-elevation1-10 MuiPaper-rounded-8 MuiExpansionPanel-root-3 MuiExpansionPanel-rounded-4"
  >
    <div
      aria-expanded="false"
      class="MuiButtonBase-root-40 MuiExpansionPanelSummary-root-34"
      role="button"
      tabindex="0"
    >
      <div
        class="MuiExpansionPanelSummary-content-38"
      >
        <h5
          class="MuiTypography-root-43 MuiTypography-h5-59 MuiTypography-gutterBottom-70"
        >
          Selected Topics
        </h5>
      </div>
      <div
        aria-hidden="true"
        class="MuiButtonBase-root-40 MuiIconButton-root-79 MuiExpansionPanelSummary-expandIcon-39"
        role="button"
        tabindex="-1"
      >
        <span
          class="MuiIconButton-label-84"
        >
          <svg
            aria-hidden="true"
            class="MuiSvgIcon-root-85"
            focusable="false"
            role="presentation"
            viewBox="0 0 24 24"
          >
            <path
              d="M16.59 8.59L12 13.17 7.41 8.59 6 10l6 6 6-6z"
            />
            <path
              d="M0 0h24v24H0z"
              fill="none"
            />
          </svg>
        </span>
        <span
          class="MuiTouchRipple-root-100"
        />
      </div>
    </div>
    <div
      aria-hidden="true"
      class="MuiCollapse-container-94"
      style="min-height: 0px;"
    >
      <div
        class="MuiCollapse-wrapper-96"
      >
        <div
          class="MuiCollapse-wrapperInner-97"
        >
          <div
            class="MuiExpansionPanelDetails-root-98 Styled-WithStyles-ExpansionPanelDetails---root-bscilo"
          >
            To be implemented
          </div>
        </div>
      </div>
    </div>
  </div>
</div>
`;
